2026-02-08 00:33:41,006 | INFO | food_items | Program started
2026-02-08 00:33:41,006 | INFO | food_items | Loading food nutrition data
2026-02-08 00:33:41,009 | INFO | food_items | Total number of food items: 34
2026-02-08 00:33:41,009 | INFO | food_items | ✅ food_nutrition_data.json saved successfully
2026-02-08 00:33:41,009 | INFO | food_items | Program finished
2026-02-08 00:50:26,797 | INFO | food_items | Loading food nutrition data
2026-02-08 00:51:44,405 | INFO | food_items | Loading food nutrition data
2026-02-08 01:00:08,981 | INFO | food_items | Program started
2026-02-08 01:00:08,982 | INFO | food_items | Loading food nutrition data
2026-02-08 01:00:08,985 | INFO | food_items | Total number of food items: 34
2026-02-08 01:00:08,985 | INFO | food_items | ✅ food_nutrition_data.json saved successfully
2026-02-08 01:00:08,985 | INFO | food_items | Program finished
2026-02-08 01:07:04,231 | INFO | food_items | Loading food nutrition data
2026-02-09 22:05:36,912 | INFO | food_items | Loading food nutrition data
2026-02-15 22:08:24,202 | INFO | food_items | Loading food nutrition data
2026-02-15 22:10:15,170 | INFO | food_items | Program started
2026-02-15 22:10:15,171 | INFO | food_items | Loading food nutrition data
2026-02-15 22:10:15,175 | INFO | food_items | Total number of food items: 34
2026-02-15 22:10:15,175 | INFO | food_items | ✅ food_nutrition_data.json saved successfully
2026-02-15 22:10:15,175 | INFO | food_items | Program finished
2026-02-15 22:11:53,919 | INFO | food_items | Loading food nutrition data
2026-02-15 22:14:32,324 | INFO | food_items | Loading food nutrition data
2026-02-15 22:16:39,166 | INFO | food_items | Loading food nutrition data
2026-02-15 22:23:31,674 | INFO | food_items | Loading food nutrition data
2026-02-15 22:27:07,402 | INFO | food_items | Loading food nutrition data
2026-02-15 22:34:00,216 | INFO | food_items | Loading food nutrition data
2026-02-15 22:37:34,166 | INFO | food_items | Loading food nutrition data
2026-02-15 22:39:46,876 | INFO | food_items | Loading food nutrition data
2026-02-16 00:26:27,716 | INFO | food_items | Loading food nutrition data
2026-02-17 12:50:36,243 | INFO | food_items | Loading food nutrition data
2026-02-17 13:05:19,730 | INFO | food_items | Loading food nutrition data
2026-02-17 13:08:57,491 | INFO | food_items | Loading food nutrition data
2026-02-17 13:16:19,910 | INFO | food_items | Loading food nutrition data
2026-02-17 13:20:05,941 | INFO | food_items | Loading food nutrition data
2026-02-17 13:47:55,977 | INFO | food_items | Loading food nutrition data
2026-02-17 13:54:13,324 | INFO | food_items | Loading food nutrition data
2026-02-17 13:54:42,699 | INFO | food_items | Loading food nutrition data
2026-02-17 17:34:36,538 | INFO | food_items | Loading food nutrition data
2026-02-17 18:59:10,950 | INFO | food_items | Loading food nutrition data
2026-02-17 19:28:44,513 | INFO | food_items | Loading food nutrition data
