2026-02-08 00:32:27,127 | INFO | main | Program started
2026-02-08 00:32:27,128 | INFO | main | Loading food nutrition data
2026-02-08 00:32:27,130 | INFO | main | Total number of food items: 34
2026-02-08 00:32:27,131 | INFO | main | ✅ food_nutrition_data.json saved successfully
2026-02-08 00:32:27,138 | INFO | main.redis | Redis already running
2026-02-08 00:32:27,147 | INFO | main.redis | Connected to Redis
2026-02-08 00:32:27,147 | INFO | main.redis | Stored 'Baked Potato' under key 'food:Baked_Potato'
2026-02-08 00:32:27,148 | INFO | main.redis | Stored 'Crispy Chicken' under key 'food:Crispy_Chicken'
2026-02-08 00:32:27,149 | INFO | main.redis | Stored 'Donut' under key 'food:Donut'
2026-02-08 00:32:27,149 | INFO | main.redis | Stored 'Fries' under key 'food:Fries'
2026-02-08 00:32:27,150 | INFO | main.redis | Stored 'Hot Dog' under key 'food:Hot_Dog'
2026-02-08 00:32:27,150 | INFO | main.redis | Stored 'Sandwich' under key 'food:Sandwich'
2026-02-08 00:32:27,151 | INFO | main.redis | Stored 'Taco' under key 'food:Taco'
2026-02-08 00:32:27,151 | INFO | main.redis | Stored 'Taquito' under key 'food:Taquito'
2026-02-08 00:32:27,152 | INFO | main.redis | Stored 'apple_pie' under key 'food:apple_pie'
2026-02-08 00:32:27,152 | INFO | main.redis | Stored 'burger' under key 'food:burger'
2026-02-08 00:32:27,153 | INFO | main.redis | Stored 'butter_naan' under key 'food:butter_naan'
2026-02-08 00:32:27,154 | INFO | main.redis | Stored 'chai' under key 'food:chai'
2026-02-08 00:32:27,154 | INFO | main.redis | Stored 'chapati' under key 'food:chapati'
2026-02-08 00:32:27,155 | INFO | main.redis | Stored 'cheesecake' under key 'food:cheesecake'
2026-02-08 00:32:27,155 | INFO | main.redis | Stored 'chicken_curry' under key 'food:chicken_curry'
2026-02-08 00:32:27,155 | INFO | main.redis | Stored 'chole_bhature' under key 'food:chole_bhature'
2026-02-08 00:32:27,157 | INFO | main.redis | Stored 'dal_makhani' under key 'food:dal_makhani'
2026-02-08 00:32:27,158 | INFO | main.redis | Stored 'dhokla' under key 'food:dhokla'
2026-02-08 00:32:27,158 | INFO | main.redis | Stored 'fried_rice' under key 'food:fried_rice'
2026-02-08 00:32:27,159 | INFO | main.redis | Stored 'ice_cream' under key 'food:ice_cream'
2026-02-08 00:32:27,160 | INFO | main.redis | Stored 'idli' under key 'food:idli'
2026-02-08 00:32:27,160 | INFO | main.redis | Stored 'jalebi' under key 'food:jalebi'
2026-02-08 00:32:27,161 | INFO | main.redis | Stored 'kaathi_rolls' under key 'food:kaathi_rolls'
2026-02-08 00:32:27,162 | INFO | main.redis | Stored 'kadai_paneer' under key 'food:kadai_paneer'
2026-02-08 00:32:27,162 | INFO | main.redis | Stored 'kulfi' under key 'food:kulfi'
2026-02-08 00:32:27,163 | INFO | main.redis | Stored 'masala_dosa' under key 'food:masala_dosa'
2026-02-08 00:32:27,164 | INFO | main.redis | Stored 'momos' under key 'food:momos'
2026-02-08 00:32:27,164 | INFO | main.redis | Stored 'omelette' under key 'food:omelette'
2026-02-08 00:32:27,165 | INFO | main.redis | Stored 'paani_puri' under key 'food:paani_puri'
2026-02-08 00:32:27,165 | INFO | main.redis | Stored 'pakode' under key 'food:pakode'
2026-02-08 00:32:27,166 | INFO | main.redis | Stored 'pav_bhaji' under key 'food:pav_bhaji'
2026-02-08 00:32:27,166 | INFO | main.redis | Stored 'pizza' under key 'food:pizza'
2026-02-08 00:32:27,167 | INFO | main.redis | Stored 'samosa' under key 'food:samosa'
2026-02-08 00:32:27,167 | INFO | main.redis | Stored 'sushi' under key 'food:sushi'
2026-02-08 00:32:27,168 | INFO | main.redis | All food items stored in Redis
2026-02-08 00:32:27,168 | INFO | main | Program started
2026-02-08 00:32:27,168 | INFO | main.dataset_splitter | Dataset splitting started
2026-02-08 00:32:27,169 | INFO | main.dataset_splitter | Created directory: data_split\train
2026-02-08 00:32:27,170 | INFO | main.dataset_splitter | Created directory: data_split\val
2026-02-08 00:32:27,171 | INFO | main.dataset_splitter | Created directory: data_split\test
2026-02-08 00:32:27,548 | INFO | main.dataset_splitter | apple_pie → Train=200, Val=50, Test=10
2026-02-08 00:32:27,902 | INFO | main.dataset_splitter | Baked Potato → Train=200, Val=50, Test=10
2026-02-08 00:32:28,504 | INFO | main.dataset_splitter | burger → Train=200, Val=50, Test=10
2026-02-08 00:32:28,988 | INFO | main.dataset_splitter | butter_naan → Train=200, Val=50, Test=10
2026-02-08 00:32:29,655 | INFO | main.dataset_splitter | chai → Train=200, Val=50, Test=10
2026-02-08 00:32:30,207 | INFO | main.dataset_splitter | chapati → Train=200, Val=50, Test=10
2026-02-08 00:32:30,602 | INFO | main.dataset_splitter | cheesecake → Train=200, Val=50, Test=10
2026-02-08 00:32:30,960 | INFO | main.dataset_splitter | chicken_curry → Train=200, Val=50, Test=10
2026-02-08 00:32:31,537 | INFO | main.dataset_splitter | chole_bhature → Train=200, Val=50, Test=10
2026-02-08 00:32:31,904 | INFO | main.dataset_splitter | Crispy Chicken → Train=200, Val=50, Test=10
2026-02-08 00:32:32,367 | INFO | main.dataset_splitter | dal_makhani → Train=200, Val=50, Test=10
2026-02-08 00:32:32,888 | INFO | main.dataset_splitter | dhokla → Train=200, Val=50, Test=10
2026-02-08 00:32:33,264 | INFO | main.dataset_splitter | Donut → Train=200, Val=50, Test=10
2026-02-08 00:32:34,074 | INFO | main.dataset_splitter | fried_rice → Train=200, Val=50, Test=10
2026-02-08 00:32:34,445 | INFO | main.dataset_splitter | Fries → Train=200, Val=50, Test=10
2026-02-08 00:32:34,897 | INFO | main.dataset_splitter | Hot Dog → Train=200, Val=50, Test=10
2026-02-08 00:32:35,241 | INFO | main.dataset_splitter | ice_cream → Train=200, Val=50, Test=10
2026-02-08 00:32:35,700 | INFO | main.dataset_splitter | idli → Train=200, Val=50, Test=10
2026-02-08 00:32:36,096 | INFO | main.dataset_splitter | jalebi → Train=200, Val=50, Test=10
2026-02-08 00:32:36,555 | INFO | main.dataset_splitter | kaathi_rolls → Train=200, Val=50, Test=10
2026-02-08 00:32:37,057 | INFO | main.dataset_splitter | kadai_paneer → Train=200, Val=50, Test=10
2026-02-08 00:32:37,772 | INFO | main.dataset_splitter | kulfi → Train=200, Val=50, Test=10
2026-02-08 00:32:38,491 | INFO | main.dataset_splitter | masala_dosa → Train=200, Val=50, Test=10
2026-02-08 00:32:38,946 | INFO | main.dataset_splitter | momos → Train=200, Val=50, Test=10
2026-02-08 00:32:39,292 | INFO | main.dataset_splitter | omelette → Train=200, Val=50, Test=10
2026-02-08 00:32:39,783 | INFO | main.dataset_splitter | paani_puri → Train=200, Val=50, Test=10
2026-02-08 00:32:40,190 | INFO | main.dataset_splitter | pakode → Train=200, Val=50, Test=10
2026-02-08 00:32:40,675 | INFO | main.dataset_splitter | pav_bhaji → Train=200, Val=50, Test=10
2026-02-08 00:32:41,470 | INFO | main.dataset_splitter | pizza → Train=200, Val=50, Test=10
2026-02-08 00:32:42,078 | INFO | main.dataset_splitter | samosa → Train=200, Val=50, Test=10
2026-02-08 00:32:42,435 | INFO | main.dataset_splitter | Sandwich → Train=200, Val=50, Test=10
2026-02-08 00:32:42,799 | INFO | main.dataset_splitter | sushi → Train=200, Val=50, Test=10
2026-02-08 00:32:43,153 | INFO | main.dataset_splitter | Taco → Train=200, Val=50, Test=10
2026-02-08 00:32:43,506 | INFO | main.dataset_splitter | Taquito → Train=200, Val=50, Test=10
2026-02-08 00:32:43,507 | INFO | main.dataset_splitter | Dataset split completed successfully
2026-02-08 00:32:43,507 | INFO | main.dataset_splitter | Total classes in train: 34
2026-02-08 00:32:43,507 | INFO | main.dataset_splitter | Total classes in val: 34
2026-02-08 00:32:43,507 | INFO | main.dataset_splitter | Total classes in test: 34
2026-02-08 00:32:43,508 | INFO | main | Program finished
2026-02-08 00:43:32,223 | INFO | main | Program started
2026-02-08 00:43:32,223 | INFO | main | Loading food nutrition data
2026-02-08 00:43:32,225 | INFO | main | Total number of food items: 34
2026-02-08 00:43:32,226 | INFO | main | ✅ food_nutrition_data.json saved successfully
2026-02-08 00:43:32,233 | INFO | main.redis | Redis already running
2026-02-08 00:43:32,241 | INFO | main.redis | Connected to Redis
2026-02-08 00:43:32,241 | INFO | main.redis | Stored 'Baked Potato' under key 'food:Baked_Potato'
2026-02-08 00:43:32,242 | INFO | main.redis | Stored 'Crispy Chicken' under key 'food:Crispy_Chicken'
2026-02-08 00:43:32,243 | INFO | main.redis | Stored 'Donut' under key 'food:Donut'
2026-02-08 00:43:32,244 | INFO | main.redis | Stored 'Fries' under key 'food:Fries'
2026-02-08 00:43:32,244 | INFO | main.redis | Stored 'Hot Dog' under key 'food:Hot_Dog'
2026-02-08 00:43:32,245 | INFO | main.redis | Stored 'Sandwich' under key 'food:Sandwich'
2026-02-08 00:43:32,245 | INFO | main.redis | Stored 'Taco' under key 'food:Taco'
2026-02-08 00:43:32,246 | INFO | main.redis | Stored 'Taquito' under key 'food:Taquito'
2026-02-08 00:43:32,246 | INFO | main.redis | Stored 'apple_pie' under key 'food:apple_pie'
2026-02-08 00:43:32,247 | INFO | main.redis | Stored 'burger' under key 'food:burger'
2026-02-08 00:43:32,247 | INFO | main.redis | Stored 'butter_naan' under key 'food:butter_naan'
2026-02-08 00:43:32,248 | INFO | main.redis | Stored 'chai' under key 'food:chai'
2026-02-08 00:43:32,248 | INFO | main.redis | Stored 'chapati' under key 'food:chapati'
2026-02-08 00:43:32,249 | INFO | main.redis | Stored 'cheesecake' under key 'food:cheesecake'
2026-02-08 00:43:32,250 | INFO | main.redis | Stored 'chicken_curry' under key 'food:chicken_curry'
2026-02-08 00:43:32,251 | INFO | main.redis | Stored 'chole_bhature' under key 'food:chole_bhature'
2026-02-08 00:43:32,252 | INFO | main.redis | Stored 'dal_makhani' under key 'food:dal_makhani'
2026-02-08 00:43:32,252 | INFO | main.redis | Stored 'dhokla' under key 'food:dhokla'
2026-02-08 00:43:32,254 | INFO | main.redis | Stored 'fried_rice' under key 'food:fried_rice'
2026-02-08 00:43:32,255 | INFO | main.redis | Stored 'ice_cream' under key 'food:ice_cream'
2026-02-08 00:43:32,255 | INFO | main.redis | Stored 'idli' under key 'food:idli'
2026-02-08 00:43:32,256 | INFO | main.redis | Stored 'jalebi' under key 'food:jalebi'
2026-02-08 00:43:32,257 | INFO | main.redis | Stored 'kaathi_rolls' under key 'food:kaathi_rolls'
2026-02-08 00:43:32,257 | INFO | main.redis | Stored 'kadai_paneer' under key 'food:kadai_paneer'
2026-02-08 00:43:32,258 | INFO | main.redis | Stored 'kulfi' under key 'food:kulfi'
2026-02-08 00:43:32,259 | INFO | main.redis | Stored 'masala_dosa' under key 'food:masala_dosa'
2026-02-08 00:43:32,259 | INFO | main.redis | Stored 'momos' under key 'food:momos'
2026-02-08 00:43:32,260 | INFO | main.redis | Stored 'omelette' under key 'food:omelette'
2026-02-08 00:43:32,260 | INFO | main.redis | Stored 'paani_puri' under key 'food:paani_puri'
2026-02-08 00:43:32,261 | INFO | main.redis | Stored 'pakode' under key 'food:pakode'
2026-02-08 00:43:32,262 | INFO | main.redis | Stored 'pav_bhaji' under key 'food:pav_bhaji'
2026-02-08 00:43:32,262 | INFO | main.redis | Stored 'pizza' under key 'food:pizza'
2026-02-08 00:43:32,263 | INFO | main.redis | Stored 'samosa' under key 'food:samosa'
2026-02-08 00:43:32,264 | INFO | main.redis | Stored 'sushi' under key 'food:sushi'
2026-02-08 00:43:32,264 | INFO | main.redis | All food items stored in Redis
2026-02-08 00:43:32,264 | INFO | main | Program started
2026-02-08 00:43:32,264 | INFO | main.dataset_splitter | Dataset splitting started
2026-02-08 00:43:32,266 | INFO | main.dataset_splitter | Created directory: data_split\train
2026-02-08 00:43:32,267 | INFO | main.dataset_splitter | Created directory: data_split\val
2026-02-08 00:43:32,268 | INFO | main.dataset_splitter | Created directory: data_split\test
2026-02-08 00:43:32,622 | INFO | main.dataset_splitter | apple_pie → Train=200, Val=50, Test=10
2026-02-08 00:43:32,999 | INFO | main.dataset_splitter | Baked Potato → Train=200, Val=50, Test=10
2026-02-08 00:43:33,649 | INFO | main.dataset_splitter | burger → Train=200, Val=50, Test=10
2026-02-08 00:43:34,070 | INFO | main.dataset_splitter | butter_naan → Train=200, Val=50, Test=10
2026-02-08 00:43:34,702 | INFO | main.dataset_splitter | chai → Train=200, Val=50, Test=10
2026-02-08 00:43:35,490 | INFO | main.dataset_splitter | chapati → Train=200, Val=50, Test=10
2026-02-08 00:43:35,846 | INFO | main.dataset_splitter | cheesecake → Train=200, Val=50, Test=10
2026-02-08 00:43:36,205 | INFO | main.dataset_splitter | chicken_curry → Train=200, Val=50, Test=10
2026-02-08 00:43:36,786 | INFO | main.dataset_splitter | chole_bhature → Train=200, Val=50, Test=10
2026-02-08 00:43:37,153 | INFO | main.dataset_splitter | Crispy Chicken → Train=200, Val=50, Test=10
2026-02-08 00:43:37,591 | INFO | main.dataset_splitter | dal_makhani → Train=200, Val=50, Test=10
2026-02-08 00:43:38,103 | INFO | main.dataset_splitter | dhokla → Train=200, Val=50, Test=10
2026-02-08 00:43:38,492 | INFO | main.dataset_splitter | Donut → Train=200, Val=50, Test=10
2026-02-08 00:43:39,383 | INFO | main.dataset_splitter | fried_rice → Train=200, Val=50, Test=10
2026-02-08 00:43:39,732 | INFO | main.dataset_splitter | Fries → Train=200, Val=50, Test=10
2026-02-08 00:43:40,194 | INFO | main.dataset_splitter | Hot Dog → Train=200, Val=50, Test=10
2026-02-08 00:43:40,546 | INFO | main.dataset_splitter | ice_cream → Train=200, Val=50, Test=10
2026-02-08 00:43:40,989 | INFO | main.dataset_splitter | idli → Train=200, Val=50, Test=10
2026-02-08 00:43:41,418 | INFO | main.dataset_splitter | jalebi → Train=200, Val=50, Test=10
2026-02-08 00:43:41,875 | INFO | main.dataset_splitter | kaathi_rolls → Train=200, Val=50, Test=10
2026-02-08 00:43:42,375 | INFO | main.dataset_splitter | kadai_paneer → Train=200, Val=50, Test=10
2026-02-08 00:43:43,032 | INFO | main.dataset_splitter | kulfi → Train=200, Val=50, Test=10
2026-02-08 00:43:43,702 | INFO | main.dataset_splitter | masala_dosa → Train=200, Val=50, Test=10
2026-02-08 00:43:44,242 | INFO | main.dataset_splitter | momos → Train=200, Val=50, Test=10
2026-02-08 00:43:44,601 | INFO | main.dataset_splitter | omelette → Train=200, Val=50, Test=10
2026-02-08 00:43:45,079 | INFO | main.dataset_splitter | paani_puri → Train=200, Val=50, Test=10
2026-02-08 00:43:45,500 | INFO | main.dataset_splitter | pakode → Train=200, Val=50, Test=10
2026-02-08 00:43:46,044 | INFO | main.dataset_splitter | pav_bhaji → Train=200, Val=50, Test=10
2026-02-08 00:43:46,794 | INFO | main.dataset_splitter | pizza → Train=200, Val=50, Test=10
2026-02-08 00:43:47,418 | INFO | main.dataset_splitter | samosa → Train=200, Val=50, Test=10
2026-02-08 00:43:47,766 | INFO | main.dataset_splitter | Sandwich → Train=200, Val=50, Test=10
2026-02-08 00:43:48,122 | INFO | main.dataset_splitter | sushi → Train=200, Val=50, Test=10
2026-02-08 00:43:48,472 | INFO | main.dataset_splitter | Taco → Train=200, Val=50, Test=10
2026-02-08 00:43:48,824 | INFO | main.dataset_splitter | Taquito → Train=200, Val=50, Test=10
2026-02-08 00:43:48,824 | INFO | main.dataset_splitter | Dataset split completed successfully
2026-02-08 00:43:48,824 | INFO | main.dataset_splitter | Total classes in train: 34
2026-02-08 00:43:48,824 | INFO | main.dataset_splitter | Total classes in val: 34
2026-02-08 00:43:48,825 | INFO | main.dataset_splitter | Total classes in test: 34
2026-02-08 00:43:48,825 | INFO | main | Program finished
2026-02-08 00:44:36,483 | INFO | main | Program started
2026-02-08 00:44:36,484 | INFO | main | Loading food nutrition data
2026-02-08 00:44:36,486 | INFO | main | Total number of food items: 34
2026-02-08 00:44:36,486 | INFO | main | ✅ food_nutrition_data.json saved successfully
2026-02-08 00:44:36,494 | INFO | main.redis | Redis already running
2026-02-08 00:44:36,503 | INFO | main.redis | Connected to Redis
2026-02-08 00:44:36,504 | INFO | main.redis | Stored 'Baked Potato' under key 'food:Baked_Potato'
2026-02-08 00:44:36,504 | INFO | main.redis | Stored 'Crispy Chicken' under key 'food:Crispy_Chicken'
2026-02-08 00:44:36,505 | INFO | main.redis | Stored 'Donut' under key 'food:Donut'
2026-02-08 00:44:36,505 | INFO | main.redis | Stored 'Fries' under key 'food:Fries'
2026-02-08 00:44:36,506 | INFO | main.redis | Stored 'Hot Dog' under key 'food:Hot_Dog'
2026-02-08 00:44:36,506 | INFO | main.redis | Stored 'Sandwich' under key 'food:Sandwich'
2026-02-08 00:44:36,507 | INFO | main.redis | Stored 'Taco' under key 'food:Taco'
2026-02-08 00:44:36,507 | INFO | main.redis | Stored 'Taquito' under key 'food:Taquito'
2026-02-08 00:44:36,508 | INFO | main.redis | Stored 'apple_pie' under key 'food:apple_pie'
2026-02-08 00:44:36,508 | INFO | main.redis | Stored 'burger' under key 'food:burger'
2026-02-08 00:44:36,509 | INFO | main.redis | Stored 'butter_naan' under key 'food:butter_naan'
2026-02-08 00:44:36,510 | INFO | main.redis | Stored 'chai' under key 'food:chai'
2026-02-08 00:44:36,510 | INFO | main.redis | Stored 'chapati' under key 'food:chapati'
2026-02-08 00:44:36,511 | INFO | main.redis | Stored 'cheesecake' under key 'food:cheesecake'
2026-02-08 00:44:36,512 | INFO | main.redis | Stored 'chicken_curry' under key 'food:chicken_curry'
2026-02-08 00:44:36,513 | INFO | main.redis | Stored 'chole_bhature' under key 'food:chole_bhature'
2026-02-08 00:44:36,514 | INFO | main.redis | Stored 'dal_makhani' under key 'food:dal_makhani'
2026-02-08 00:44:36,514 | INFO | main.redis | Stored 'dhokla' under key 'food:dhokla'
2026-02-08 00:44:36,515 | INFO | main.redis | Stored 'fried_rice' under key 'food:fried_rice'
2026-02-08 00:44:36,516 | INFO | main.redis | Stored 'ice_cream' under key 'food:ice_cream'
2026-02-08 00:44:36,516 | INFO | main.redis | Stored 'idli' under key 'food:idli'
2026-02-08 00:44:36,517 | INFO | main.redis | Stored 'jalebi' under key 'food:jalebi'
2026-02-08 00:44:36,517 | INFO | main.redis | Stored 'kaathi_rolls' under key 'food:kaathi_rolls'
2026-02-08 00:44:36,518 | INFO | main.redis | Stored 'kadai_paneer' under key 'food:kadai_paneer'
2026-02-08 00:44:36,518 | INFO | main.redis | Stored 'kulfi' under key 'food:kulfi'
2026-02-08 00:44:36,519 | INFO | main.redis | Stored 'masala_dosa' under key 'food:masala_dosa'
2026-02-08 00:44:36,519 | INFO | main.redis | Stored 'momos' under key 'food:momos'
2026-02-08 00:44:36,520 | INFO | main.redis | Stored 'omelette' under key 'food:omelette'
2026-02-08 00:44:36,521 | INFO | main.redis | Stored 'paani_puri' under key 'food:paani_puri'
2026-02-08 00:44:36,521 | INFO | main.redis | Stored 'pakode' under key 'food:pakode'
2026-02-08 00:44:36,522 | INFO | main.redis | Stored 'pav_bhaji' under key 'food:pav_bhaji'
2026-02-08 00:44:36,522 | INFO | main.redis | Stored 'pizza' under key 'food:pizza'
2026-02-08 00:44:36,522 | INFO | main.redis | Stored 'samosa' under key 'food:samosa'
2026-02-08 00:44:36,523 | INFO | main.redis | Stored 'sushi' under key 'food:sushi'
2026-02-08 00:44:36,523 | INFO | main.redis | All food items stored in Redis
2026-02-08 00:44:36,523 | INFO | main | Program started
2026-02-08 00:44:36,524 | INFO | main.dataset_splitter | Dataset splitting started
2026-02-08 00:44:36,525 | INFO | main.dataset_splitter | Created directory: data_split\train
2026-02-08 00:44:36,526 | INFO | main.dataset_splitter | Created directory: data_split\val
2026-02-08 00:44:36,528 | INFO | main.dataset_splitter | Created directory: data_split\test
2026-02-08 00:44:36,888 | INFO | main.dataset_splitter | apple_pie → Train=200, Val=50, Test=10
2026-02-08 00:44:37,258 | INFO | main.dataset_splitter | Baked Potato → Train=200, Val=50, Test=10
2026-02-08 00:44:37,870 | INFO | main.dataset_splitter | burger → Train=200, Val=50, Test=10
2026-02-08 00:44:38,286 | INFO | main.dataset_splitter | butter_naan → Train=200, Val=50, Test=10
2026-02-08 00:44:39,002 | INFO | main.dataset_splitter | chai → Train=200, Val=50, Test=10
2026-02-08 00:44:39,604 | INFO | main.dataset_splitter | chapati → Train=200, Val=50, Test=10
2026-02-08 00:44:40,050 | INFO | main.dataset_splitter | cheesecake → Train=200, Val=50, Test=10
2026-02-08 00:44:40,465 | INFO | main.dataset_splitter | chicken_curry → Train=200, Val=50, Test=10
2026-02-08 00:44:41,046 | INFO | main.dataset_splitter | chole_bhature → Train=200, Val=50, Test=10
2026-02-08 00:44:41,439 | INFO | main.dataset_splitter | Crispy Chicken → Train=200, Val=50, Test=10
2026-02-08 00:44:41,890 | INFO | main.dataset_splitter | dal_makhani → Train=200, Val=50, Test=10
2026-02-08 00:44:42,417 | INFO | main.dataset_splitter | dhokla → Train=200, Val=50, Test=10
2026-02-08 00:44:42,795 | INFO | main.dataset_splitter | Donut → Train=200, Val=50, Test=10
2026-02-08 00:44:43,592 | INFO | main.dataset_splitter | fried_rice → Train=200, Val=50, Test=10
2026-02-08 00:44:43,960 | INFO | main.dataset_splitter | Fries → Train=200, Val=50, Test=10
2026-02-08 00:44:44,407 | INFO | main.dataset_splitter | Hot Dog → Train=200, Val=50, Test=10
2026-02-08 00:44:44,824 | INFO | main.dataset_splitter | ice_cream → Train=200, Val=50, Test=10
2026-02-08 00:44:45,389 | INFO | main.dataset_splitter | idli → Train=200, Val=50, Test=10
2026-02-08 00:44:45,808 | INFO | main.dataset_splitter | jalebi → Train=200, Val=50, Test=10
2026-02-08 00:44:46,291 | INFO | main.dataset_splitter | kaathi_rolls → Train=200, Val=50, Test=10
2026-02-08 00:44:46,972 | INFO | main.dataset_splitter | kadai_paneer → Train=200, Val=50, Test=10
2026-02-08 00:44:47,585 | INFO | main.dataset_splitter | kulfi → Train=200, Val=50, Test=10
2026-02-08 00:44:48,296 | INFO | main.dataset_splitter | masala_dosa → Train=200, Val=50, Test=10
2026-02-08 00:44:48,888 | INFO | main.dataset_splitter | momos → Train=200, Val=50, Test=10
2026-02-08 00:44:49,226 | INFO | main.dataset_splitter | omelette → Train=200, Val=50, Test=10
2026-02-08 00:44:49,812 | INFO | main.dataset_splitter | paani_puri → Train=200, Val=50, Test=10
2026-02-08 00:44:50,196 | INFO | main.dataset_splitter | pakode → Train=200, Val=50, Test=10
2026-02-08 00:44:50,715 | INFO | main.dataset_splitter | pav_bhaji → Train=200, Val=50, Test=10
2026-02-08 00:44:51,778 | INFO | main.dataset_splitter | pizza → Train=200, Val=50, Test=10
2026-02-08 00:44:52,407 | INFO | main.dataset_splitter | samosa → Train=200, Val=50, Test=10
2026-02-08 00:44:52,905 | INFO | main.dataset_splitter | Sandwich → Train=200, Val=50, Test=10
2026-02-08 00:44:53,284 | INFO | main.dataset_splitter | sushi → Train=200, Val=50, Test=10
2026-02-08 00:44:53,674 | INFO | main.dataset_splitter | Taco → Train=200, Val=50, Test=10
2026-02-08 00:44:54,091 | INFO | main.dataset_splitter | Taquito → Train=200, Val=50, Test=10
2026-02-08 00:44:54,092 | INFO | main.dataset_splitter | Dataset split completed successfully
2026-02-08 00:44:54,092 | INFO | main.dataset_splitter | Total classes in train: 34
2026-02-08 00:44:54,092 | INFO | main.dataset_splitter | Total classes in val: 34
2026-02-08 00:44:54,092 | INFO | main.dataset_splitter | Total classes in test: 34
2026-02-08 00:44:54,093 | INFO | main | Program finished
2026-02-08 00:50:26,794 | INFO | main | MAIN PROGRAM STARTED
2026-02-08 00:50:26,797 | INFO | main | Loaded 34 food items
2026-02-08 00:50:26,842 | INFO | main | Food data stored in Redis
2026-02-08 00:50:43,527 | INFO | main | MAIN PROGRAM FINISHED SUCCESSFULLY
2026-02-08 00:51:44,404 | INFO | main | MAIN PROGRAM STARTED
2026-02-08 00:51:44,406 | INFO | main | Loaded 34 food items
2026-02-08 00:51:44,445 | INFO | main | Food data stored in Redis
2026-02-08 00:52:01,802 | INFO | main | MAIN PROGRAM FINISHED SUCCESSFULLY
2026-02-08 01:07:04,230 | INFO | main | Main program started
2026-02-08 01:07:04,232 | INFO | main | Food items loaded: 34
2026-02-08 01:07:04,271 | INFO | main | Food data stored in Redis
2026-02-08 01:07:21,143 | INFO | main | Main program finished successfully
2026-02-09 22:05:36,910 | INFO | main | Main program started
2026-02-09 22:05:36,913 | INFO | main | Food items loaded: 34
2026-02-09 22:05:40,989 | INFO | main | Food data stored in Redis
2026-02-09 22:05:57,574 | INFO | main | Main program finished successfully
2026-02-15 22:08:24,199 | INFO | main | Main program started
2026-02-15 22:08:24,203 | INFO | main | Food items loaded: 34
2026-02-15 22:08:24,213 | INFO | main.redis | Redis already running
2026-02-15 22:08:24,225 | INFO | main.redis | Connected to Redis
2026-02-15 22:08:24,229 | INFO | main.redis | Model metrics stored successfully | model=cnn | key=model:cnn:metrics
2026-02-15 22:08:24,231 | INFO | main.redis | Model metrics stored successfully | model=vgg16 | key=model:vgg16:metrics
2026-02-15 22:08:24,234 | INFO | main.redis | Model metrics stored successfully | model=resnet50 | key=model:resnet50:metrics
2026-02-15 22:08:24,300 | INFO | main | Food data stored in Redis
2026-02-15 22:08:46,410 | INFO | main | Main program finished successfully
2026-02-15 22:11:53,916 | INFO | main | Main program started
2026-02-15 22:11:53,919 | INFO | main | Food items loaded: 34
2026-02-15 22:11:53,939 | INFO | main.redis | Redis already running
2026-02-15 22:11:53,962 | INFO | main.redis | Connected to Redis
2026-02-15 22:11:53,967 | INFO | main.redis | Model metrics stored successfully | model=cnn | key=model:cnn:metrics
2026-02-15 22:11:53,970 | INFO | main.redis | Model metrics stored successfully | model=vgg16 | key=model:vgg16:metrics
2026-02-15 22:11:53,978 | INFO | main.redis | Model metrics stored successfully | model=resnet50 | key=model:resnet50:metrics
2026-02-15 22:11:54,079 | INFO | main | Food data stored in Redis
2026-02-15 22:12:17,328 | INFO | main | Main program finished successfully
2026-02-15 22:14:32,322 | INFO | main | Main program started
2026-02-15 22:14:32,325 | INFO | main | Food items loaded: 34
2026-02-15 22:14:32,337 | INFO | main.redis | Redis already running
2026-02-15 22:14:32,352 | INFO | main.redis | Connected to Redis
2026-02-15 22:14:32,357 | INFO | main.redis | Model metrics stored successfully | model=cnn | key=model:cnn:metrics
2026-02-15 22:14:32,360 | INFO | main.redis | Model metrics stored successfully | model=vgg16 | key=model:vgg16:metrics
2026-02-15 22:14:32,363 | INFO | main.redis | Model metrics stored successfully | model=resnet50 | key=model:resnet50:metrics
2026-02-15 22:14:32,412 | INFO | main | Food data stored in Redis
2026-02-15 22:14:57,005 | INFO | main | Main program finished successfully
2026-02-15 22:14:57,006 | INFO | main | Program started
2026-02-15 22:14:57,006 | INFO | main | Loading food nutrition data
2026-02-15 22:16:39,165 | INFO | main | Main program started
2026-02-15 22:16:39,166 | INFO | main | Food items loaded: 34
2026-02-15 22:16:39,177 | INFO | main.redis | Redis already running
2026-02-15 22:16:39,186 | INFO | main.redis | Connected to Redis
2026-02-15 22:16:39,189 | INFO | main.redis | Model metrics stored successfully | model=cnn | key=model:cnn:metrics
2026-02-15 22:16:39,191 | INFO | main.redis | Model metrics stored successfully | model=vgg16 | key=model:vgg16:metrics
2026-02-15 22:16:39,194 | INFO | main.redis | Model metrics stored successfully | model=resnet50 | key=model:resnet50:metrics
2026-02-15 22:16:39,239 | INFO | main | Food data stored in Redis
2026-02-15 22:17:02,373 | INFO | main | Main program finished successfully
2026-02-15 22:17:02,374 | INFO | main | Program started
2026-02-15 22:17:02,374 | INFO | main | Loading food nutrition data
2026-02-15 22:23:31,672 | INFO | main | Main program started
2026-02-15 22:23:31,674 | INFO | main | Food items loaded: 34
2026-02-15 22:23:31,686 | INFO | main.redis | Redis already running
2026-02-15 22:23:31,697 | INFO | main.redis | Connected to Redis
2026-02-15 22:23:31,700 | INFO | main.redis | Model metrics stored successfully | model=cnn | key=model:cnn:metrics
2026-02-15 22:23:31,702 | INFO | main.redis | Model metrics stored successfully | model=vgg16 | key=model:vgg16:metrics
2026-02-15 22:23:31,705 | INFO | main.redis | Model metrics stored successfully | model=resnet50 | key=model:resnet50:metrics
2026-02-15 22:23:31,741 | INFO | main | Food data stored in Redis
2026-02-15 22:23:53,140 | INFO | main | Main program finished successfully
2026-02-15 22:23:53,141 | INFO | main | Program started
2026-02-15 22:23:53,142 | INFO | main | Loading food nutrition data
2026-02-15 22:27:07,400 | INFO | main | Main program started
2026-02-15 22:27:07,402 | INFO | main | Food items loaded: 34
2026-02-15 22:27:07,415 | INFO | main.redis | Redis already running
2026-02-15 22:27:07,428 | INFO | main.redis | Connected to Redis
2026-02-15 22:27:07,431 | INFO | main.redis | Model metrics stored successfully | model=cnn | key=model:cnn:metrics
2026-02-15 22:27:07,433 | INFO | main.redis | Model metrics stored successfully | model=vgg16 | key=model:vgg16:metrics
2026-02-15 22:27:07,436 | INFO | main.redis | Model metrics stored successfully | model=resnet50 | key=model:resnet50:metrics
2026-02-15 22:27:07,476 | INFO | main | Food data stored in Redis
2026-02-15 22:27:29,205 | INFO | main | Main program finished successfully
2026-02-15 22:27:29,205 | INFO | main | Program started
2026-02-15 22:27:29,206 | INFO | main | Loading food nutrition data
2026-02-15 22:27:29,209 | INFO | main | Total number of food items: 34
2026-02-15 22:27:29,210 | INFO | main | ✅ food_nutrition_data.json saved successfully
2026-02-15 22:27:29,210 | INFO | main | Program finished
2026-02-15 22:34:00,215 | INFO | main | Main program started
2026-02-15 22:34:00,217 | INFO | main | Food items loaded: 34
2026-02-15 22:34:00,227 | INFO | main.redis | Redis already running
2026-02-15 22:34:00,238 | INFO | main.redis | Connected to Redis
2026-02-15 22:34:00,245 | INFO | main.redis | Model metrics stored successfully | model=cnn | key=model:cnn:metrics
2026-02-15 22:34:00,248 | INFO | main.redis | Model metrics stored successfully | model=vgg16 | key=model:vgg16:metrics
2026-02-15 22:34:00,251 | INFO | main.redis | Model metrics stored successfully | model=resnet50 | key=model:resnet50:metrics
2026-02-15 22:34:00,285 | INFO | main | Food data stored in Redis
2026-02-15 22:34:22,126 | INFO | main | Main program finished successfully
2026-02-15 22:34:22,127 | INFO | main | Program started
2026-02-15 22:34:22,128 | INFO | main | Loading food nutrition data
2026-02-15 22:34:22,136 | INFO | main | Total number of food items: 34
2026-02-15 22:34:22,136 | INFO | main | ✅ food_nutrition_data.json saved successfully
2026-02-15 22:34:22,137 | INFO | main | Program finished
2026-02-15 22:37:34,164 | INFO | main | Main program started
2026-02-15 22:37:34,167 | INFO | main | Food items loaded: 34
2026-02-15 22:37:34,221 | INFO | main | Food data stored in Redis
2026-02-15 22:37:34,222 | INFO | main.redis | Redis already running
2026-02-15 22:37:34,225 | INFO | main.redis | Connected to Redis
2026-02-15 22:37:34,228 | INFO | main.redis | Model metrics stored successfully | model=cnn | key=model:cnn:metrics
2026-02-15 22:37:34,230 | INFO | main.redis | Model metrics stored successfully | model=vgg16 | key=model:vgg16:metrics
2026-02-15 22:37:34,233 | INFO | main.redis | Model metrics stored successfully | model=resnet50 | key=model:resnet50:metrics
2026-02-15 22:37:55,851 | INFO | main | Main program finished successfully
2026-02-15 22:37:55,852 | INFO | main | Program started
2026-02-15 22:37:55,853 | INFO | main | Loading food nutrition data
2026-02-15 22:37:55,857 | INFO | main | Total number of food items: 34
2026-02-15 22:37:55,857 | INFO | main | ✅ food_nutrition_data.json saved successfully
2026-02-15 22:37:55,858 | INFO | main | Program finished
2026-02-15 22:39:46,874 | INFO | main | Main program started
2026-02-15 22:39:46,877 | INFO | main | Food items loaded: 34
2026-02-15 22:39:46,880 | INFO | main | Total number of food items: 34
2026-02-15 22:39:46,881 | INFO | main | ✅ food_nutrition_data.json saved successfully
2026-02-15 22:39:46,932 | INFO | main | Food data stored in Redis
2026-02-15 22:39:46,933 | INFO | main.redis | Redis already running
2026-02-15 22:39:46,950 | INFO | main.redis | Connected to Redis
2026-02-15 22:39:46,953 | INFO | main.redis | Model metrics stored successfully | model=cnn | key=model:cnn:metrics
2026-02-15 22:39:46,955 | INFO | main.redis | Model metrics stored successfully | model=vgg16 | key=model:vgg16:metrics
2026-02-15 22:39:46,959 | INFO | main.redis | Model metrics stored successfully | model=resnet50 | key=model:resnet50:metrics
2026-02-15 22:40:08,704 | INFO | main | Main program finished successfully
2026-02-15 22:40:08,705 | INFO | main | Program started
2026-02-15 22:40:08,705 | INFO | main | Loading food nutrition data
2026-02-15 22:40:08,709 | INFO | main | Total number of food items: 34
2026-02-15 22:40:08,709 | INFO | main | ✅ food_nutrition_data.json saved successfully
2026-02-15 22:40:08,710 | INFO | main | Program finished
2026-02-16 00:26:27,714 | INFO | main | Main program started
2026-02-16 00:26:27,717 | INFO | main | Food items loaded: 34
2026-02-16 00:26:27,722 | INFO | main | Total number of food items: 34
2026-02-16 00:26:27,723 | INFO | main | ✅ food_nutrition_data.json saved successfully
2026-02-16 00:26:31,849 | INFO | main | Food data stored in Redis
2026-02-16 00:26:31,850 | INFO | main.redis | Redis already running
2026-02-16 00:26:31,854 | INFO | main.redis | Connected to Redis
2026-02-16 00:26:31,858 | INFO | main.redis | Model metrics stored successfully | model=cnn | key=model:cnn:metrics
2026-02-16 00:26:31,862 | INFO | main.redis | Model metrics stored successfully | model=vgg16 | key=model:vgg16:metrics
2026-02-16 00:26:31,867 | INFO | main.redis | Model metrics stored successfully | model=resnet50 | key=model:resnet50:metrics
2026-02-16 00:27:13,498 | INFO | main | Main program finished successfully
2026-02-16 00:27:13,499 | INFO | main | Program started
2026-02-16 00:27:13,499 | INFO | main | Loading food nutrition data
2026-02-16 00:27:13,503 | INFO | main | Total number of food items: 34
2026-02-16 00:27:13,503 | INFO | main | ✅ food_nutrition_data.json saved successfully
2026-02-16 00:27:13,504 | INFO | main | Program finished
2026-02-17 12:50:36,241 | INFO | main | Main program started
2026-02-17 12:50:36,244 | INFO | main | Food items loaded: 34
2026-02-17 12:50:36,247 | INFO | main | Total number of food items: 34
2026-02-17 12:50:36,248 | INFO | main | ✅ food_nutrition_data.json saved successfully
2026-02-17 12:50:36,300 | INFO | main | Food data stored in Redis
2026-02-17 12:50:36,301 | INFO | main.redis | Redis already running
2026-02-17 12:50:36,304 | INFO | main.redis | Connected to Redis
2026-02-17 12:50:36,308 | INFO | main.redis | Model metrics stored successfully | model=cnn | key=model:cnn:metrics
2026-02-17 12:50:36,311 | INFO | main.redis | Model metrics stored successfully | model=vgg16 | key=model:vgg16:metrics
2026-02-17 12:50:36,314 | INFO | main.redis | Model metrics stored successfully | model=resnet50 | key=model:resnet50:metrics
2026-02-17 12:51:08,613 | INFO | main | Main program finished successfully
2026-02-17 12:51:08,613 | INFO | main | Program started
2026-02-17 12:51:08,614 | INFO | main | Loading food nutrition data
2026-02-17 12:51:08,616 | INFO | main | Total number of food items: 34
2026-02-17 12:51:08,617 | INFO | main | ✅ food_nutrition_data.json saved successfully
2026-02-17 12:51:08,617 | INFO | main | Program finished
2026-02-17 13:05:19,727 | INFO | main | Main program started
2026-02-17 13:05:19,731 | INFO | main | Food items loaded: 34
2026-02-17 13:05:19,734 | INFO | main | Total number of food items: 34
2026-02-17 13:05:19,736 | INFO | main | ✅ food_nutrition_data.json saved successfully
2026-02-17 13:05:19,875 | INFO | main | Food data stored in Redis
2026-02-17 13:05:19,877 | INFO | main.redis | Redis already running
2026-02-17 13:05:19,880 | INFO | main.redis | Connected to Redis
2026-02-17 13:05:19,888 | INFO | main.redis | Model metrics stored successfully | model=cnn | key=model:cnn:metrics
2026-02-17 13:05:19,897 | INFO | main.redis | Model metrics stored successfully | model=vgg16 | key=model:vgg16:metrics
2026-02-17 13:05:19,911 | INFO | main.redis | Model metrics stored successfully | model=resnet50 | key=model:resnet50:metrics
2026-02-17 13:05:50,047 | INFO | main | Main program finished successfully
2026-02-17 13:05:50,048 | INFO | main | Program started
2026-02-17 13:05:50,048 | INFO | main | Loading food nutrition data
2026-02-17 13:05:50,052 | INFO | main | Total number of food items: 34
2026-02-17 13:05:50,052 | INFO | main | ✅ food_nutrition_data.json saved successfully
2026-02-17 13:05:50,053 | INFO | main | Program finished
2026-02-17 13:08:57,489 | INFO | main | Main program started
2026-02-17 13:08:57,491 | INFO | main | Food items loaded: 34
2026-02-17 13:08:57,494 | INFO | main | Total number of food items: 34
2026-02-17 13:08:57,494 | INFO | main | ✅ food_nutrition_data.json saved successfully
2026-02-17 13:08:57,626 | INFO | main | Food data stored in Redis
2026-02-17 13:08:57,627 | INFO | main.redis | Redis already running
2026-02-17 13:08:57,630 | INFO | main.redis | Connected to Redis
2026-02-17 13:08:57,633 | INFO | main.redis | Model metrics stored successfully | model=cnn | key=model:cnn:metrics
2026-02-17 13:08:57,637 | INFO | main.redis | Model metrics stored successfully | model=vgg16 | key=model:vgg16:metrics
2026-02-17 13:08:57,666 | INFO | main.redis | Model metrics stored successfully | model=resnet50 | key=model:resnet50:metrics
2026-02-17 13:09:29,663 | INFO | main | Main program finished successfully
2026-02-17 13:09:29,664 | INFO | main | Program started
2026-02-17 13:09:29,664 | INFO | main | Loading food nutrition data
2026-02-17 13:09:29,667 | INFO | main | Total number of food items: 34
2026-02-17 13:09:29,667 | INFO | main | ✅ food_nutrition_data.json saved successfully
2026-02-17 13:09:29,667 | INFO | main | Program finished
2026-02-17 13:16:19,908 | INFO | main | Main program started
2026-02-17 13:16:19,911 | INFO | main | Food items loaded: 34
2026-02-17 13:16:19,915 | INFO | main | Total number of food items: 34
2026-02-17 13:16:19,916 | INFO | main | ✅ food_nutrition_data.json saved successfully
2026-02-17 13:16:19,965 | INFO | main | Food data stored in Redis
2026-02-17 13:16:19,966 | INFO | main.redis | Redis already running
2026-02-17 13:16:19,969 | INFO | main.redis | Connected to Redis
2026-02-17 13:16:19,973 | INFO | main.redis | Model metrics stored successfully | model=cnn | key=model:cnn:metrics
2026-02-17 13:16:19,976 | INFO | main.redis | Model metrics stored successfully | model=vgg16 | key=model:vgg16:metrics
2026-02-17 13:16:19,980 | INFO | main.redis | Model metrics stored successfully | model=resnet50 | key=model:resnet50:metrics
2026-02-17 13:16:53,230 | INFO | main | Main program finished successfully
2026-02-17 13:16:53,231 | INFO | main | Program started
2026-02-17 13:16:53,231 | INFO | main | Loading food nutrition data
2026-02-17 13:16:53,235 | INFO | main | Total number of food items: 34
2026-02-17 13:16:53,235 | INFO | main | ✅ food_nutrition_data.json saved successfully
2026-02-17 13:16:53,236 | INFO | main | Program finished
2026-02-17 13:20:05,938 | INFO | main | Main program started
2026-02-17 13:20:05,942 | INFO | main | Food items loaded: 34
2026-02-17 13:20:05,947 | INFO | main | Total number of food items: 34
2026-02-17 13:20:05,959 | INFO | main | ✅ food_nutrition_data.json saved successfully
2026-02-17 13:20:06,207 | INFO | main | Food data stored in Redis
2026-02-17 13:20:06,208 | INFO | main.redis | Redis already running
2026-02-17 13:20:06,211 | INFO | main.redis | Connected to Redis
2026-02-17 13:20:06,216 | INFO | main.redis | Model metrics stored successfully | model=cnn | key=model:cnn:metrics
2026-02-17 13:20:06,231 | INFO | main.redis | Model metrics stored successfully | model=vgg16 | key=model:vgg16:metrics
2026-02-17 13:20:06,244 | INFO | main.redis | Model metrics stored successfully | model=resnet50 | key=model:resnet50:metrics
2026-02-17 13:20:56,178 | INFO | main | Main program finished successfully
2026-02-17 13:20:56,179 | INFO | main | Program started
2026-02-17 13:20:56,179 | INFO | main | Loading food nutrition data
2026-02-17 13:20:56,183 | INFO | main | Total number of food items: 34
2026-02-17 13:20:56,195 | INFO | main | ✅ food_nutrition_data.json saved successfully
2026-02-17 13:20:56,196 | INFO | main | Program finished
2026-02-17 13:47:55,975 | INFO | main | Main program started
2026-02-17 13:47:55,978 | INFO | main | Food items loaded: 34
2026-02-17 13:47:55,980 | INFO | main | Total number of food items: 34
2026-02-17 13:47:55,981 | INFO | main | ✅ food_nutrition_data.json saved successfully
2026-02-17 13:47:56,031 | INFO | main | Food data stored in Redis
2026-02-17 13:47:56,032 | INFO | main.redis | Redis already running
2026-02-17 13:47:56,036 | INFO | main.redis | Connected to Redis
2026-02-17 13:47:56,042 | INFO | main.redis | Model metrics stored successfully | model=cnn | key=model:cnn:metrics
2026-02-17 13:47:56,045 | INFO | main.redis | Model metrics stored successfully | model=vgg16 | key=model:vgg16:metrics
2026-02-17 13:47:56,047 | INFO | main.redis | Model metrics stored successfully | model=resnet50 | key=model:resnet50:metrics
2026-02-17 13:48:25,581 | INFO | main | Main program finished successfully
2026-02-17 13:48:25,581 | INFO | main | Program started
2026-02-17 13:48:25,582 | INFO | main | Loading food nutrition data
2026-02-17 13:48:25,585 | INFO | main | Total number of food items: 34
2026-02-17 13:48:25,585 | INFO | main | ✅ food_nutrition_data.json saved successfully
2026-02-17 13:48:25,585 | INFO | main | Program finished
2026-02-17 13:54:13,323 | INFO | main | Main program started
2026-02-17 13:54:13,325 | INFO | main | Food items loaded: 34
2026-02-17 13:54:13,328 | INFO | main | Total number of food items: 34
2026-02-17 13:54:13,329 | INFO | main | ✅ food_nutrition_data.json saved successfully
2026-02-17 13:54:13,432 | INFO | main | Food data stored in Redis
2026-02-17 13:54:13,433 | INFO | main.redis | Redis already running
2026-02-17 13:54:13,435 | INFO | main.redis | Connected to Redis
2026-02-17 13:54:13,438 | INFO | main.redis | Model metrics stored successfully | model=cnn | key=model:cnn:metrics
2026-02-17 13:54:13,441 | INFO | main.redis | Model metrics stored successfully | model=vgg16 | key=model:vgg16:metrics
2026-02-17 13:54:13,444 | INFO | main.redis | Model metrics stored successfully | model=resnet50 | key=model:resnet50:metrics
2026-02-17 13:54:30,702 | INFO | main | Main program finished successfully
2026-02-17 13:54:30,702 | INFO | main | Program started
2026-02-17 13:54:30,703 | INFO | main | Loading food nutrition data
2026-02-17 13:54:30,706 | INFO | main | Total number of food items: 34
2026-02-17 13:54:30,706 | INFO | main | ✅ food_nutrition_data.json saved successfully
2026-02-17 13:54:30,706 | INFO | main | Program finished
2026-02-17 13:54:42,698 | INFO | main | Main program started
2026-02-17 13:54:42,700 | INFO | main | Food items loaded: 34
2026-02-17 13:54:42,703 | INFO | main | Total number of food items: 34
2026-02-17 13:54:42,703 | INFO | main | ✅ food_nutrition_data.json saved successfully
2026-02-17 13:54:42,767 | INFO | main | Food data stored in Redis
2026-02-17 13:54:42,768 | INFO | main.redis | Redis already running
2026-02-17 13:54:42,771 | INFO | main.redis | Connected to Redis
2026-02-17 13:54:42,774 | INFO | main.redis | Model metrics stored successfully | model=cnn | key=model:cnn:metrics
2026-02-17 13:54:42,776 | INFO | main.redis | Model metrics stored successfully | model=vgg16 | key=model:vgg16:metrics
2026-02-17 13:54:42,779 | INFO | main.redis | Model metrics stored successfully | model=resnet50 | key=model:resnet50:metrics
2026-02-17 13:55:00,056 | INFO | main | Main program finished successfully
2026-02-17 13:55:00,056 | INFO | main | Program started
2026-02-17 13:55:00,057 | INFO | main | Loading food nutrition data
2026-02-17 13:55:00,059 | INFO | main | Total number of food items: 34
2026-02-17 13:55:00,060 | INFO | main | ✅ food_nutrition_data.json saved successfully
2026-02-17 13:55:00,060 | INFO | main | Program finished
2026-02-17 17:34:36,537 | INFO | main | Main program started
2026-02-17 17:34:36,539 | INFO | main | Food items loaded: 34
2026-02-17 17:34:36,542 | INFO | main | Total number of food items: 34
2026-02-17 17:34:36,543 | INFO | main | ✅ food_nutrition_data.json saved successfully
2026-02-17 17:34:40,632 | INFO | main | Food data stored in Redis
2026-02-17 17:34:40,634 | INFO | main.redis | Redis already running
2026-02-17 17:34:40,637 | INFO | main.redis | Connected to Redis
2026-02-17 17:34:40,643 | INFO | main.redis | Model metrics stored successfully | model=cnn | key=model:cnn:metrics
2026-02-17 17:34:40,646 | INFO | main.redis | Model metrics stored successfully | model=vgg16 | key=model:vgg16:metrics
2026-02-17 17:34:40,650 | INFO | main.redis | Model metrics stored successfully | model=resnet50 | key=model:resnet50:metrics
2026-02-17 17:35:23,528 | INFO | main | Main program finished successfully
2026-02-17 17:35:23,529 | INFO | main | Program started
2026-02-17 17:35:23,529 | INFO | main | Loading food nutrition data
2026-02-17 17:35:23,533 | INFO | main | Total number of food items: 34
2026-02-17 17:35:23,534 | INFO | main | ✅ food_nutrition_data.json saved successfully
2026-02-17 17:35:23,535 | INFO | main | Program finished
2026-02-17 18:59:10,948 | INFO | main | Main program started
2026-02-17 18:59:10,950 | INFO | main | Food items loaded: 34
2026-02-17 18:59:10,954 | INFO | main | Total number of food items: 34
2026-02-17 18:59:10,954 | INFO | main | ✅ food_nutrition_data.json saved successfully
2026-02-17 18:59:13,050 | INFO | main | Food data stored in Redis
2026-02-17 18:59:13,051 | INFO | main.redis | Redis already running
2026-02-17 18:59:15,104 | INFO | main.redis | Connected to Redis
2026-02-17 18:59:15,110 | INFO | main.redis | Model metrics stored successfully | model=cnn | key=model:cnn:metrics
2026-02-17 18:59:15,114 | INFO | main.redis | Model metrics stored successfully | model=vgg16 | key=model:vgg16:metrics
2026-02-17 18:59:15,117 | INFO | main.redis | Model metrics stored successfully | model=resnet50 | key=model:resnet50:metrics
2026-02-17 18:59:47,033 | INFO | main | Main program finished successfully
2026-02-17 18:59:47,034 | INFO | main | Program started
2026-02-17 18:59:47,034 | INFO | main | Loading food nutrition data
2026-02-17 18:59:47,037 | INFO | main | Total number of food items: 34
2026-02-17 18:59:47,037 | INFO | main | ✅ food_nutrition_data.json saved successfully
2026-02-17 18:59:47,038 | INFO | main | Program finished
2026-02-17 19:28:44,511 | INFO | main | Main program started
2026-02-17 19:28:44,513 | INFO | main | Food items loaded: 34
2026-02-17 19:28:44,517 | INFO | main | Total number of food items: 34
2026-02-17 19:28:44,517 | INFO | main | ✅ food_nutrition_data.json saved successfully
2026-02-17 19:28:46,600 | INFO | main | Food data stored in Redis
2026-02-17 19:28:46,601 | INFO | main.redis | Redis already running
2026-02-17 19:28:48,655 | INFO | main.redis | Connected to Redis
2026-02-17 19:28:48,658 | INFO | main.redis | Model metrics stored successfully | model=cnn | key=model:cnn:metrics
2026-02-17 19:28:48,660 | INFO | main.redis | Model metrics stored successfully | model=vgg16 | key=model:vgg16:metrics
2026-02-17 19:28:48,662 | INFO | main.redis | Model metrics stored successfully | model=resnet50 | key=model:resnet50:metrics
2026-02-17 19:29:19,100 | INFO | main | Main program finished successfully
2026-02-17 19:29:19,100 | INFO | main | Program started
2026-02-17 19:29:19,100 | INFO | main | Loading food nutrition data
2026-02-17 19:29:19,106 | INFO | main | Total number of food items: 34
2026-02-17 19:29:19,106 | INFO | main | ✅ food_nutrition_data.json saved successfully
2026-02-17 19:29:19,107 | INFO | main | Program finished
